D:/Desktop/STM32H743XIH6/Project/dcmi/Core/Src/stm32h7xx_it.c:4:6:NMI_Handler	4	static
D:/Desktop/STM32H743XIH6/Project/dcmi/Core/Src/stm32h7xx_it.c:13:6:HardFault_Handler	4	static
D:/Desktop/STM32H743XIH6/Project/dcmi/Core/Src/stm32h7xx_it.c:22:6:MemManage_Handler	4	static
D:/Desktop/STM32H743XIH6/Project/dcmi/Core/Src/stm32h7xx_it.c:31:6:BusFault_Handler	4	static
D:/Desktop/STM32H743XIH6/Project/dcmi/Core/Src/stm32h7xx_it.c:40:6:UsageFault_Handler	4	static
D:/Desktop/STM32H743XIH6/Project/dcmi/Core/Src/stm32h7xx_it.c:49:6:SVC_Handler	4	static
D:/Desktop/STM32H743XIH6/Project/dcmi/Core/Src/stm32h7xx_it.c:54:6:DebugMon_Handler	4	static
D:/Desktop/STM32H743XIH6/Project/dcmi/Core/Src/stm32h7xx_it.c:59:6:PendSV_Handler	4	static
D:/Desktop/STM32H743XIH6/Project/dcmi/Core/Src/stm32h7xx_it.c:64:6:SysTick_Handler	8	static
