D:/Desktop/STM32H743XIH6/Project/dcmi/Core/Src/syscalls.c:16:6:initialise_monitor_handles	4	static
D:/Desktop/STM32H743XIH6/Project/dcmi/Core/Src/syscalls.c:20:5:_getpid	4	static
D:/Desktop/STM32H743XIH6/Project/dcmi/Core/Src/syscalls.c:25:5:_kill	16	static
D:/Desktop/STM32H743XIH6/Project/dcmi/Core/Src/syscalls.c:33:6:_exit	16	static
D:/Desktop/STM32H743XIH6/Project/dcmi/Core/Src/syscalls.c:39:27:_read	32	static
D:/Desktop/STM32H743XIH6/Project/dcmi/Core/Src/syscalls.c:52:27:_write	32	static
D:/Desktop/STM32H743XIH6/Project/dcmi/Core/Src/syscalls.c:64:5:_close	16	static
D:/Desktop/STM32H743XIH6/Project/dcmi/Core/Src/syscalls.c:70:5:_fstat	16	static
D:/Desktop/STM32H743XIH6/Project/dcmi/Core/Src/syscalls.c:77:5:_isatty	16	static
D:/Desktop/STM32H743XIH6/Project/dcmi/Core/Src/syscalls.c:83:5:_lseek	24	static
D:/Desktop/STM32H743XIH6/Project/dcmi/Core/Src/syscalls.c:91:5:_open	12	static
D:/Desktop/STM32H743XIH6/Project/dcmi/Core/Src/syscalls.c:99:5:_wait	16	static
D:/Desktop/STM32H743XIH6/Project/dcmi/Core/Src/syscalls.c:106:5:_unlink	16	static
D:/Desktop/STM32H743XIH6/Project/dcmi/Core/Src/syscalls.c:113:9:_times	16	static
D:/Desktop/STM32H743XIH6/Project/dcmi/Core/Src/syscalls.c:119:5:_stat	16	static
D:/Desktop/STM32H743XIH6/Project/dcmi/Core/Src/syscalls.c:126:5:_link	16	static
D:/Desktop/STM32H743XIH6/Project/dcmi/Core/Src/syscalls.c:134:5:_fork	8	static
D:/Desktop/STM32H743XIH6/Project/dcmi/Core/Src/syscalls.c:140:5:_execve	24	static
