Archive member included to satisfy reference by file (symbol)

D:/arm-gnu-toolchain-15.3.rel1-mingw-w64-x86_64-arm-none-eabi/bin/../lib/gcc/arm-none-eabi/15.3.1/../../../../arm-none-eabi/lib/thumb/v7e-m+dp/hard\libg_nano.a(libc_a-exit.o)
                              D:/arm-gnu-toolchain-15.3.rel1-mingw-w64-x86_64-arm-none-eabi/bin/../lib/gcc/arm-none-eabi/15.3.1/../../../../arm-none-eabi/lib/thumb/v7e-m+dp/hard/crt0.o (exit)
D:/arm-gnu-toolchain-15.3.rel1-mingw-w64-x86_64-arm-none-eabi/bin/../lib/gcc/arm-none-eabi/15.3.1/../../../../arm-none-eabi/lib/thumb/v7e-m+dp/hard\libg_nano.a(libc_a-findfp.o)
                              D:/arm-gnu-toolchain-15.3.rel1-mingw-w64-x86_64-arm-none-eabi/bin/../lib/gcc/arm-none-eabi/15.3.1/../../../../arm-none-eabi/lib/thumb/v7e-m+dp/hard\libg_nano.a(libc_a-exit.o) (__stdio_exit_handler)
D:/arm-gnu-toolchain-15.3.rel1-mingw-w64-x86_64-arm-none-eabi/bin/../lib/gcc/arm-none-eabi/15.3.1/../../../../arm-none-eabi/lib/thumb/v7e-m+dp/hard\libg_nano.a(libc_a-fwalk.o)
                              D:/arm-gnu-toolchain-15.3.rel1-mingw-w64-x86_64-arm-none-eabi/bin/../lib/gcc/arm-none-eabi/15.3.1/../../../../arm-none-eabi/lib/thumb/v7e-m+dp/hard\libg_nano.a(libc_a-findfp.o) (_fwalk_sglue)
D:/arm-gnu-toolchain-15.3.rel1-mingw-w64-x86_64-arm-none-eabi/bin/../lib/gcc/arm-none-eabi/15.3.1/../../../../arm-none-eabi/lib/thumb/v7e-m+dp/hard\libg_nano.a(libc_a-stdio.o)
                              D:/arm-gnu-toolchain-15.3.rel1-mingw-w64-x86_64-arm-none-eabi/bin/../lib/gcc/arm-none-eabi/15.3.1/../../../../arm-none-eabi/lib/thumb/v7e-m+dp/hard\libg_nano.a(libc_a-findfp.o) (__sread)
D:/arm-gnu-toolchain-15.3.rel1-mingw-w64-x86_64-arm-none-eabi/bin/../lib/gcc/arm-none-eabi/15.3.1/../../../../arm-none-eabi/lib/thumb/v7e-m+dp/hard\libg_nano.a(libc_a-memset.o)
                              D:/arm-gnu-toolchain-15.3.rel1-mingw-w64-x86_64-arm-none-eabi/bin/../lib/gcc/arm-none-eabi/15.3.1/../../../../arm-none-eabi/lib/thumb/v7e-m+dp/hard/crt0.o (memset)
D:/arm-gnu-toolchain-15.3.rel1-mingw-w64-x86_64-arm-none-eabi/bin/../lib/gcc/arm-none-eabi/15.3.1/../../../../arm-none-eabi/lib/thumb/v7e-m+dp/hard\libg_nano.a(libc_a-closer.o)
                              D:/arm-gnu-toolchain-15.3.rel1-mingw-w64-x86_64-arm-none-eabi/bin/../lib/gcc/arm-none-eabi/15.3.1/../../../../arm-none-eabi/lib/thumb/v7e-m+dp/hard\libg_nano.a(libc_a-stdio.o) (_close_r)
D:/arm-gnu-toolchain-15.3.rel1-mingw-w64-x86_64-arm-none-eabi/bin/../lib/gcc/arm-none-eabi/15.3.1/../../../../arm-none-eabi/lib/thumb/v7e-m+dp/hard\libg_nano.a(libc_a-reent.o)
                              D:/arm-gnu-toolchain-15.3.rel1-mingw-w64-x86_64-arm-none-eabi/bin/../lib/gcc/arm-none-eabi/15.3.1/../../../../arm-none-eabi/lib/thumb/v7e-m+dp/hard\libg_nano.a(libc_a-closer.o) (errno)
D:/arm-gnu-toolchain-15.3.rel1-mingw-w64-x86_64-arm-none-eabi/bin/../lib/gcc/arm-none-eabi/15.3.1/../../../../arm-none-eabi/lib/thumb/v7e-m+dp/hard\libg_nano.a(libc_a-impure.o)
                              D:/arm-gnu-toolchain-15.3.rel1-mingw-w64-x86_64-arm-none-eabi/bin/../lib/gcc/arm-none-eabi/15.3.1/../../../../arm-none-eabi/lib/thumb/v7e-m+dp/hard\libg_nano.a(libc_a-reent.o) (_impure_ptr)
D:/arm-gnu-toolchain-15.3.rel1-mingw-w64-x86_64-arm-none-eabi/bin/../lib/gcc/arm-none-eabi/15.3.1/../../../../arm-none-eabi/lib/thumb/v7e-m+dp/hard\libg_nano.a(libc_a-lseekr.o)
                              D:/arm-gnu-toolchain-15.3.rel1-mingw-w64-x86_64-arm-none-eabi/bin/../lib/gcc/arm-none-eabi/15.3.1/../../../../arm-none-eabi/lib/thumb/v7e-m+dp/hard\libg_nano.a(libc_a-stdio.o) (_lseek_r)
D:/arm-gnu-toolchain-15.3.rel1-mingw-w64-x86_64-arm-none-eabi/bin/../lib/gcc/arm-none-eabi/15.3.1/../../../../arm-none-eabi/lib/thumb/v7e-m+dp/hard\libg_nano.a(libc_a-readr.o)
                              D:/arm-gnu-toolchain-15.3.rel1-mingw-w64-x86_64-arm-none-eabi/bin/../lib/gcc/arm-none-eabi/15.3.1/../../../../arm-none-eabi/lib/thumb/v7e-m+dp/hard\libg_nano.a(libc_a-stdio.o) (_read_r)
D:/arm-gnu-toolchain-15.3.rel1-mingw-w64-x86_64-arm-none-eabi/bin/../lib/gcc/arm-none-eabi/15.3.1/../../../../arm-none-eabi/lib/thumb/v7e-m+dp/hard\libg_nano.a(libc_a-writer.o)
                              D:/arm-gnu-toolchain-15.3.rel1-mingw-w64-x86_64-arm-none-eabi/bin/../lib/gcc/arm-none-eabi/15.3.1/../../../../arm-none-eabi/lib/thumb/v7e-m+dp/hard\libg_nano.a(libc_a-stdio.o) (_write_r)
D:/arm-gnu-toolchain-15.3.rel1-mingw-w64-x86_64-arm-none-eabi/bin/../lib/gcc/arm-none-eabi/15.3.1/../../../../arm-none-eabi/lib/thumb/v7e-m+dp/hard\libg_nano.a(libc_a-errno.o)
                              CMakeFiles/dcmi.dir/Core/Src/sysmem.c.obj (__errno)
D:/arm-gnu-toolchain-15.3.rel1-mingw-w64-x86_64-arm-none-eabi/bin/../lib/gcc/arm-none-eabi/15.3.1/../../../../arm-none-eabi/lib/thumb/v7e-m+dp/hard\libg_nano.a(libc_a-init.o)
                              D:/arm-gnu-toolchain-15.3.rel1-mingw-w64-x86_64-arm-none-eabi/bin/../lib/gcc/arm-none-eabi/15.3.1/../../../../arm-none-eabi/lib/thumb/v7e-m+dp/hard/crt0.o (__libc_init_array)
[...]
Memory Configuration

Name             Origin             Length             Attributes
DTCMRAM          0x20000000         0x00020000         xrw
RAM              0x24000000         0x00080000         xrw
RAM_D2           0x30000000         0x00048000         xrw
RAM_D3           0x38000000         0x00010000         xrw
ITCMRAM          0x00000000         0x00010000         xrw
FLASH            0x08000000         0x00200000         xr
*default*        0x00000000         0xffffffff

Linker script and memory map

LOAD D:/arm-gnu-toolchain-15.3.rel1-mingw-w64-x86_64-arm-none-eabi/bin/../lib/gcc/arm-none-eabi/15.3.1/thumb/v7e-m+dp/hard/crti.o
LOAD D:/arm-gnu-toolchain-15.3.rel1-mingw-w64-x86_64-arm-none-eabi/bin/../lib/gcc/arm-none-eabi/15.3.1/thumb/v7e-m+dp/hard/crtbegin.o
LOAD D:/arm-gnu-toolchain-15.3.rel1-mingw-w64-x86_64-arm-none-eabi/bin/../lib/gcc/arm-none-eabi/15.3.1/../../../../arm-none-eabi/lib/thumb/v7e-m+dp/hard/crt0.o
LOAD CMakeFiles/dcmi.dir/Core/Src/main.c.obj
LOAD CMakeFiles/dcmi.dir/Core/Src/gpio.c.obj
LOAD CMakeFiles/dcmi.dir/Core/Src/stm32h7xx_it.c.obj
LOAD CMakeFiles/dcmi.dir/Core/Src/stm32h7xx_hal_msp.c.obj
LOAD CMakeFiles/dcmi.dir/Core/Src/sysmem.c.obj
LOAD CMakeFiles/dcmi.dir/Core/Src/syscalls.c.obj
LOAD CMakeFiles/dcmi.dir/startup_stm32h743xx.s.obj
LOAD cmake/stm32cubemx/CMakeFiles/STM32_Drivers.dir/__/__/Core/Src/system_stm32h7xx.c.obj
LOAD cmake/stm32cubemx/CMakeFiles/STM32_Drivers.dir/__/__/Drivers/STM32H7xx_HAL_Driver/Src/stm32h7xx_hal_cortex.c.obj
LOAD cmake/stm32cubemx/CMakeFiles/STM32_Drivers.dir/__/__/Drivers/STM32H7xx_HAL_Driver/Src/stm32h7xx_hal_rcc.c.obj
LOAD cmake/stm32cubemx/CMakeFiles/STM32_Drivers.dir/__/__/Drivers/STM32H7xx_HAL_Driver/Src/stm32h7xx_hal_rcc_ex.c.obj
LOAD cmake/stm32cubemx/CMakeFiles/STM32_Drivers.dir/__/__/Drivers/STM32H7xx_HAL_Driver/Src/stm32h7xx_hal_flash.c.obj
LOAD cmake/stm32cubemx/CMakeFiles/STM32_Drivers.dir/__/__/Drivers/STM32H7xx_HAL_Driver/Src/stm32h7xx_hal_flash_ex.c.obj
LOAD cmake/stm32cubemx/CMakeFiles/STM32_Drivers.dir/__/__/Drivers/STM32H7xx_HAL_Driver/Src/stm32h7xx_hal_gpio.c.obj
LOAD cmake/stm32cubemx/CMakeFiles/STM32_Drivers.dir/__/__/Drivers/STM32H7xx_HAL_Driver/Src/stm32h7xx_hal_hsem.c.obj
LOAD cmake/stm32cubemx/CMakeFiles/STM32_Drivers.dir/__/__/Drivers/STM32H7xx_HAL_Driver/Src/stm32h7xx_hal_dma.c.obj
LOAD cmake/stm32cubemx/CMakeFiles/STM32_Drivers.dir/__/__/Drivers/STM32H7xx_HAL_Driver/Src/stm32h7xx_hal_dma_ex.c.obj
LOAD cmake/stm32cubemx/CMakeFiles/STM32_Drivers.dir/__/__/Drivers/STM32H7xx_HAL_Driver/Src/stm32h7xx_hal_mdma.c.obj
LOAD cmake/stm32cubemx/CMakeFiles/STM32_Drivers.dir/__/__/Drivers/STM32H7xx_HAL_Driver/Src/stm32h7xx_hal_pwr.c.obj
LOAD cmake/stm32cubemx/CMakeFiles/STM32_Drivers.dir/__/__/Drivers/STM32H7xx_HAL_Driver/Src/stm32h7xx_hal_pwr_ex.c.obj
LOAD cmake/stm32cubemx/CMakeFiles/STM32_Drivers.dir/__/__/Drivers/STM32H7xx_HAL_Driver/Src/stm32h7xx_hal.c.obj
LOAD cmake/stm32cubemx/CMakeFiles/STM32_Drivers.dir/__/__/Drivers/STM32H7xx_HAL_Driver/Src/stm32h7xx_hal_i2c.c.obj
LOAD cmake/stm32cubemx/CMakeFiles/STM32_Drivers.dir/__/__/Drivers/STM32H7xx_HAL_Driver/Src/stm32h7xx_hal_i2c_ex.c.obj
LOAD cmake/stm32cubemx/CMakeFiles/STM32_Drivers.dir/__/__/Drivers/STM32H7xx_HAL_Driver/Src/stm32h7xx_hal_exti.c.obj
LOAD cmake/stm32cubemx/CMakeFiles/STM32_Drivers.dir/__/__/Drivers/STM32H7xx_HAL_Driver/Src/stm32h7xx_hal_tim.c.obj
LOAD cmake/stm32cubemx/CMakeFiles/STM32_Drivers.dir/__/__/Drivers/STM32H7xx_HAL_Driver/Src/stm32h7xx_hal_tim_ex.c.obj
LOAD D:/arm-gnu-toolchain-15.3.rel1-mingw-w64-x86_64-arm-none-eabi/bin/../lib/gcc/arm-none-eabi/15.3.1/../../../../arm-none-eabi/lib/thumb/v7e-m+dp/hard\libm.a
START GROUP
LOAD D:/arm-gnu-toolchain-15.3.rel1-mingw-w64-x86_64-arm-none-eabi/bin/../lib/gcc/arm-none-eabi/15.3.1/thumb/v7e-m+dp/hard\libgcc.a
LOAD D:/arm-gnu-toolchain-15.3.rel1-mingw-w64-x86_64-arm-none-eabi/bin/../lib/gcc/arm-none-eabi/15.3.1/../../../../arm-none-eabi/lib/thumb/v7e-m+dp/hard\libg_nano.a
LOAD D:/arm-gnu-toolchain-15.3.rel1-mingw-w64-x86_64-arm-none-eabi/bin/../lib/gcc/arm-none-eabi/15.3.1/../../../../arm-none-eabi/lib/thumb/v7e-m+dp/hard\libc_nano.a
END GROUP
START GROUP
LOAD D:/arm-gnu-toolchain-15.3.rel1-mingw-w64-x86_64-arm-none-eabi/bin/../lib/gcc/arm-none-eabi/15.3.1/thumb/v7e-m+dp/hard\libgcc.a
LOAD D:/arm-gnu-toolchain-15.3.rel1-mingw-w64-x86_64-arm-none-eabi/bin/../lib/gcc/arm-none-eabi/15.3.1/../../../../arm-none-eabi/lib/thumb/v7e-m+dp/hard\libc_nano.a
END GROUP
LOAD D:/arm-gnu-toolchain-15.3.rel1-mingw-w64-x86_64-arm-none-eabi/bin/../lib/gcc/arm-none-eabi/15.3.1/thumb/v7e-m+dp/hard/crtend.o
LOAD D:/arm-gnu-toolchain-15.3.rel1-mingw-w64-x86_64-arm-none-eabi/bin/../lib/gcc/arm-none-eabi/15.3.1/thumb/v7e-m+dp/hard/crtn.o
                0x20020000                        _estack = (ORIGIN (DTCMRAM) + LENGTH (DTCMRAM))
                0x2001fc00                        _sstack = (_estack - _Min_Stack_Size)
                0x00000200                        _Min_Heap_Size = 0x200
                0x00000400                        _Min_Stack_Size = 0x400

.isr_vector     0x08000000      0x298
                0x08000000                        . = ALIGN (0x4)
 *(.isr_vector)
 .isr_vector    0x08000000      0x298 CMakeFiles/dcmi.dir/startup_stm32h743xx.s.obj
                0x08000000                g_pfnVectors
                0x08000298                        . = ALIGN (0x4)

.text           0x08000298     0x1cc0
                0x08000298                        . = ALIGN (0x4)
 *(.text)
 *(.text*)
 .text.deregister_tm_clones
                0x08000298       0x1c D:/arm-gnu-toolchain-15.3.rel1-mingw-w64-x86_64-arm-none-eabi/bin/../lib/gcc/arm-none-eabi/15.3.1/thumb/v7e-m+dp/hard/crtbegin.o
 .text.register_tm_clones
                0x080002b4       0x24 D:/arm-gnu-toolchain-15.3.rel1-mingw-w64-x86_64-arm-none-eabi/bin/../lib/gcc/arm-none-eabi/15.3.1/thumb/v7e-m+dp/hard/crtbegin.o
 .text.__do_global_dtors_aux
                0x080002d8       0x28 D:/arm-gnu-toolchain-15.3.rel1-mingw-w64-x86_64-arm-none-eabi/bin/../lib/gcc/arm-none-eabi/15.3.1/thumb/v7e-m+dp/hard/crtbegin.o
 .text.frame_dummy
                0x08000300       0x24 D:/arm-gnu-toolchain-15.3.rel1-mingw-w64-x86_64-arm-none-eabi/bin/../lib/gcc/arm-none-eabi/15.3.1/thumb/v7e-m+dp/hard/crtbegin.o
 .text.main     0x08000324       0x40 CMakeFiles/dcmi.dir/Core/Src/main.c.obj
                0x08000324                main
 .text.SystemClock_Config
                0x08000364       0xf4 CMakeFiles/dcmi.dir/Core/Src/main.c.obj
                0x08000364                SystemClock_Config
 .text.MPU_Config
                0x08000458       0x58 CMakeFiles/dcmi.dir/Core/Src/main.c.obj
 .text.Error_Handler
                0x080004b0        0xc CMakeFiles/dcmi.dir/Core/Src/main.c.obj
                0x080004b0                Error_Handler
 .text.MX_GPIO_Init
                0x080004bc       0x50 CMakeFiles/dcmi.dir/Core/Src/gpio.c.obj
                0x080004bc                MX_GPIO_Init
 .text.LED_Init
                0x0800050c       0x6c CMakeFiles/dcmi.dir/Core/Src/gpio.c.obj
                0x0800050c                LED_Init
 .text.NMI_Handler
                0x08000578        0x8 CMakeFiles/dcmi.dir/Core/Src/stm32h7xx_it.c.obj
                0x08000578                NMI_Handler
 .text.HardFault_Handler
                0x08000580        0x8 CMakeFiles/dcmi.dir/Core/Src/stm32h7xx_it.c.obj
                0x08000580                HardFault_Handler
 .text.MemManage_Handler
                0x08000588        0x8 CMakeFiles/dcmi.dir/Core/Src/stm32h7xx_it.c.obj
                0x08000588                MemManage_Handler
 .text.BusFault_Handler
                0x08000590        0x8 CMakeFiles/dcmi.dir/Core/Src/stm32h7xx_it.c.obj
                0x08000590                BusFault_Handler
 .text.UsageFault_Handler
                0x08000598        0x8 CMakeFiles/dcmi.dir/Core/Src/stm32h7xx_it.c.obj
                0x08000598                UsageFault_Handler
 .text.SVC_Handler
                0x080005a0        0xc CMakeFiles/dcmi.dir/Core/Src/stm32h7xx_it.c.obj
                0x080005a0                SVC_Handler
 .text.DebugMon_Handler
                0x080005ac        0xc CMakeFiles/dcmi.dir/Core/Src/stm32h7xx_it.c.obj
                0x080005ac                DebugMon_Handler
 .text.PendSV_Handler
                0x080005b8        0xc CMakeFiles/dcmi.dir/Core/Src/stm32h7xx_it.c.obj
                0x080005b8                PendSV_Handler
 .text.SysTick_Handler
                0x080005c4        0xc CMakeFiles/dcmi.dir/Core/Src/stm32h7xx_it.c.obj
                0x080005c4                SysTick_Handler
 .text.HAL_MspInit
                0x080005d0       0x34 CMakeFiles/dcmi.dir/Core/Src/stm32h7xx_hal_msp.c.obj
                0x080005d0                HAL_MspInit
 .text.Reset_Handler
                0x08000604       0x54 CMakeFiles/dcmi.dir/startup_stm32h743xx.s.obj
                0x08000604                Reset_Handler
 .text.Default_Handler
                0x08000658        0x2 CMakeFiles/dcmi.dir/startup_stm32h743xx.s.obj
                0x08000658                RTC_Alarm_IRQHandler
                0x08000658                EXTI2_IRQHandler
                0x08000658                TIM8_CC_IRQHandler
                0x08000658                HRTIM1_Master_IRQHandler
                0x08000658                UART8_IRQHandler
                0x08000658                SPI4_IRQHandler
                0x08000658                TIM1_CC_IRQHandler
                0x08000658                BDMA_Channel6_IRQHandler
                0x08000658                DMA2_Stream5_IRQHandler
                0x08000658                HRTIM1_FLT_IRQHandler
                0x08000658                JPEG_IRQHandler
                0x08000658                DMA1_Stream5_IRQHandler
                0x08000658                BDMA_Channel1_IRQHandler
                0x08000658                HRTIM1_TIMD_IRQHandler
                0x08000658                TAMP_STAMP_IRQHandler
                0x08000658                EXTI3_IRQHandler
                0x08000658                LPTIM4_IRQHandler
                0x08000658                TIM8_TRG_COM_TIM14_IRQHandler
                0x08000658                LPTIM2_IRQHandler
                0x08000658                DFSDM1_FLT1_IRQHandler
                0x08000658                DMAMUX2_OVR_IRQHandler
                0x08000658                TIM8_UP_TIM13_IRQHandler
                0x08000658                I2C3_ER_IRQHandler
                0x08000658                DFSDM1_FLT2_IRQHandler
                0x08000658                MDMA_IRQHandler
                0x08000658                LPTIM3_IRQHandler
                0x08000658                HSEM1_IRQHandler
                0x08000658                EXTI0_IRQHandler
                0x08000658                I2C2_EV_IRQHandler
                0x08000658                DMA1_Stream2_IRQHandler
                0x08000658                FPU_IRQHandler
                0x08000658                OTG_HS_WKUP_IRQHandler
                0x08000658                FDCAN1_IT1_IRQHandler
                0x08000658                LTDC_ER_IRQHandler
                0x08000658                DMA2_Stream2_IRQHandler
                0x08000658                HRTIM1_TIME_IRQHandler
                0x08000658                SPI1_IRQHandler
                0x08000658                TIM6_DAC_IRQHandler
                0x08000658                DCMI_IRQHandler
                0x08000658                HRTIM1_TIMC_IRQHandler
                0x08000658                DMA2_Stream3_IRQHandler
                0x08000658                SAI2_IRQHandler
                0x08000658                DFSDM1_FLT3_IRQHandler
                0x08000658                USART6_IRQHandler
                0x08000658                TIM17_IRQHandler
                0x08000658                USART3_IRQHandler
                0x08000658                BDMA_Channel7_IRQHandler
                0x08000658                LPTIM5_IRQHandler
                0x08000658                UART5_IRQHandler
                0x08000658                ADC3_IRQHandler
                0x08000658                DMA2_Stream0_IRQHandler
                0x08000658                TIM4_IRQHandler
                0x08000658                BDMA_Channel2_IRQHandler
                0x08000658                QUADSPI_IRQHandler
                0x08000658                I2C1_EV_IRQHandler
                0x08000658                DMA1_Stream6_IRQHandler
                0x08000658                DMAMUX1_OVR_IRQHandler
                0x08000658                DMA1_Stream1_IRQHandler
                0x08000658                TIM16_IRQHandler
                0x08000658                UART4_IRQHandler
                0x08000658                BDMA_Channel5_IRQHandler
                0x08000658                TIM3_IRQHandler
                0x08000658                RCC_IRQHandler
                0x08000658                TIM8_BRK_TIM12_IRQHandler
                0x08000658                TIM1_TRG_COM_IRQHandler
                0x08000658                Default_Handler
                0x08000658                ECC_IRQHandler
                0x08000658                CEC_IRQHandler
                0x08000658                EXTI15_10_IRQHandler
                0x08000658                BDMA_Channel0_IRQHandler
                0x08000658                ADC_IRQHandler
                0x08000658                DMA1_Stream7_IRQHandler
                0x08000658                HRTIM1_TIMA_IRQHandler
                0x08000658                SPI5_IRQHandler
                0x08000658                TIM7_IRQHandler
                0x08000658                SDMMC1_IRQHandler
                0x08000658                TIM5_IRQHandler
                0x08000658                DMA2_Stream7_IRQHandler
                0x08000658                TIM15_IRQHandler
                0x08000658                PVD_AVD_IRQHandler
                0x08000658                I2C3_EV_IRQHandler
                0x08000658                EXTI9_5_IRQHandler
                0x08000658                RTC_WKUP_IRQHandler
                0x08000658                LTDC_IRQHandler
                0x08000658                SAI3_IRQHandler
                0x08000658                ETH_WKUP_IRQHandler
                0x08000658                SPDIF_RX_IRQHandler
                0x08000658                SPI2_IRQHandler
                0x08000658                OTG_HS_EP1_IN_IRQHandler
                0x08000658                DMA1_Stream0_IRQHandler
                0x08000658                CRS_IRQHandler
                0x08000658                EXTI4_IRQHandler
                0x08000658                RNG_IRQHandler
                0x08000658                HRTIM1_TIMB_IRQHandler
                0x08000658                FDCAN2_IT1_IRQHandler
                0x08000658                ETH_IRQHandler
                0x08000658                TIM1_UP_IRQHandler
                0x08000658                BDMA_Channel4_IRQHandler
                0x08000658                OTG_HS_EP1_OUT_IRQHandler
                0x08000658                WWDG_IRQHandler
                0x08000658                SPI6_IRQHandler
                0x08000658                MDIOS_IRQHandler
                0x08000658                I2C4_EV_IRQHandler
                0x08000658                FDCAN2_IT0_IRQHandler
                0x08000658                LPUART1_IRQHandler
                0x08000658                FDCAN1_IT0_IRQHandler
                0x08000658                TIM2_IRQHandler
                0x08000658                OTG_FS_WKUP_IRQHandler
                0x08000658                OTG_HS_IRQHandler
                0x08000658                DMA2D_IRQHandler
                0x08000658                TIM1_BRK_IRQHandler
                0x08000658                EXTI1_IRQHandler
                0x08000658                SDMMC2_IRQHandler
                0x08000658                OTG_FS_EP1_OUT_IRQHandler
                0x08000658                BDMA_Channel3_IRQHandler
                0x08000658                UART7_IRQHandler
                0x08000658                MDIOS_WKUP_IRQHandler
                0x08000658                USART2_IRQHandler
                0x08000658                DFSDM1_FLT0_IRQHandler
                0x08000658                SAI4_IRQHandler
                0x08000658                I2C2_ER_IRQHandler
                0x08000658                DMA2_Stream1_IRQHandler
                0x08000658                FLASH_IRQHandler
                0x08000658                DMA2_Stream4_IRQHandler
                0x08000658                USART1_IRQHandler
                0x08000658                OTG_FS_IRQHandler
                0x08000658                SPI3_IRQHandler
                0x08000658                WAKEUP_PIN_IRQHandler
                0x08000658                DMA1_Stream4_IRQHandler
                0x08000658                OTG_FS_EP1_IN_IRQHandler
                0x08000658                I2C1_ER_IRQHandler
                0x08000658                FMC_IRQHandler
                0x08000658                FDCAN_CAL_IRQHandler
                0x08000658                SWPMI1_IRQHandler
                0x08000658                COMP1_IRQHandler
                0x08000658                LPTIM1_IRQHandler
                0x08000658                I2C4_ER_IRQHandler
                0x08000658                DMA2_Stream6_IRQHandler
                0x08000658                SAI1_IRQHandler
                0x08000658                DMA1_Stream3_IRQHandler
 *fill*         0x0800065a        0x2 
 .text.SystemInit
                0x0800065c      0x13c cmake/stm32cubemx/CMakeFiles/STM32_Drivers.dir/__/__/Core/Src/system_stm32h7xx.c.obj
                0x0800065c                SystemInit
 .text.ExitRun0Mode
                0x08000798       0x18 cmake/stm32cubemx/CMakeFiles/STM32_Drivers.dir/__/__/Core/Src/system_stm32h7xx.c.obj
                0x08000798                ExitRun0Mode
 .text.__NVIC_SetPriorityGrouping
                0x080007b0       0x48 cmake/stm32cubemx/CMakeFiles/STM32_Drivers.dir/__/__/Drivers/STM32H7xx_HAL_Driver/Src/stm32h7xx_hal_cortex.c.obj
 .text.__NVIC_GetPriorityGrouping
                0x080007f8       0x1c cmake/stm32cubemx/CMakeFiles/STM32_Drivers.dir/__/__/Drivers/STM32H7xx_HAL_Driver/Src/stm32h7xx_hal_cortex.c.obj
 .text.__NVIC_SetPriority
                0x08000814       0x54 cmake/stm32cubemx/CMakeFiles/STM32_Drivers.dir/__/__/Drivers/STM32H7xx_HAL_Driver/Src/stm32h7xx_hal_cortex.c.obj
 .text.NVIC_EncodePriority
                0x08000868       0x6e cmake/stm32cubemx/CMakeFiles/STM32_Drivers.dir/__/__/Drivers/STM32H7xx_HAL_Driver/Src/stm32h7xx_hal_cortex.c.obj
 *fill*         0x080008d6        0x2 
 .text.SysTick_Config
                0x080008d8       0x44 cmake/stm32cubemx/CMakeFiles/STM32_Drivers.dir/__/__/Drivers/STM32H7xx_HAL_Driver/Src/stm32h7xx_hal_cortex.c.obj
 .text.HAL_NVIC_SetPriorityGrouping
                0x0800091c       0x16 cmake/stm32cubemx/CMakeFiles/STM32_Drivers.dir/__/__/Drivers/STM32H7xx_HAL_Driver/Src/stm32h7xx_hal_cortex.c.obj
                0x0800091c                HAL_NVIC_SetPriorityGrouping
 .text.HAL_NVIC_SetPriority
                0x08000932       0x34 cmake/stm32cubemx/CMakeFiles/STM32_Drivers.dir/__/__/Drivers/STM32H7xx_HAL_Driver/Src/stm32h7xx_hal_cortex.c.obj
                0x08000932                HAL_NVIC_SetPriority
 .text.HAL_SYSTICK_Config
                0x08000966       0x18 cmake/stm32cubemx/CMakeFiles/STM32_Drivers.dir/__/__/Drivers/STM32H7xx_HAL_Driver/Src/stm32h7xx_hal_cortex.c.obj
                0x08000966                HAL_SYSTICK_Config
 *fill*         0x0800097e        0x2 
 .text.HAL_MPU_Disable
                0x08000980       0x2c cmake/stm32cubemx/CMakeFiles/STM32_Drivers.dir/__/__/Drivers/STM32H7xx_HAL_Driver/Src/stm32h7xx_hal_cortex.c.obj
                0x08000980                HAL_MPU_Disable
 .text.HAL_MPU_Enable
                0x080009ac       0x3c cmake/stm32cubemx/CMakeFiles/STM32_Drivers.dir/__/__/Drivers/STM32H7xx_HAL_Driver/Src/stm32h7xx_hal_cortex.c.obj
                0x080009ac                HAL_MPU_Enable
 .text.HAL_MPU_ConfigRegion
                0x080009e8       0x7c cmake/stm32cubemx/CMakeFiles/STM32_Drivers.dir/__/__/Drivers/STM32H7xx_HAL_Driver/Src/stm32h7xx_hal_cortex.c.obj
                0x080009e8                HAL_MPU_ConfigRegion
 .text.HAL_RCC_OscConfig
                0x08000a64      0x8b4 cmake/stm32cubemx/CMakeFiles/STM32_Drivers.dir/__/__/Drivers/STM32H7xx_HAL_Driver/Src/stm32h7xx_hal_rcc.c.obj
                0x08000a64                HAL_RCC_OscConfig
 .text.HAL_RCC_ClockConfig
                0x08001318      0x36c cmake/stm32cubemx/CMakeFiles/STM32_Drivers.dir/__/__/Drivers/STM32H7xx_HAL_Driver/Src/stm32h7xx_hal_rcc.c.obj
                0x08001318                HAL_RCC_ClockConfig
 .text.HAL_RCC_GetSysClockFreq
                0x08001684      0x29c cmake/stm32cubemx/CMakeFiles/STM32_Drivers.dir/__/__/Drivers/STM32H7xx_HAL_Driver/Src/stm32h7xx_hal_rcc.c.obj
                0x08001684                HAL_RCC_GetSysClockFreq
 .text.HAL_GPIO_Init
                0x08001920      0x374 cmake/stm32cubemx/CMakeFiles/STM32_Drivers.dir/__/__/Drivers/STM32H7xx_HAL_Driver/Src/stm32h7xx_hal_gpio.c.obj
                0x08001920                HAL_GPIO_Init
 .text.HAL_GPIO_WritePin
                0x08001c94       0x30 cmake/stm32cubemx/CMakeFiles/STM32_Drivers.dir/__/__/Drivers/STM32H7xx_HAL_Driver/Src/stm32h7xx_hal_gpio.c.obj
                0x08001c94                HAL_GPIO_WritePin
 .text.HAL_GPIO_TogglePin
                0x08001cc4       0x32 cmake/stm32cubemx/CMakeFiles/STM32_Drivers.dir/__/__/Drivers/STM32H7xx_HAL_Driver/Src/stm32h7xx_hal_gpio.c.obj
                0x08001cc4                HAL_GPIO_TogglePin
 *fill*         0x08001cf6        0x2 
 .text.HAL_PWREx_ConfigSupply
                0x08001cf8       0x74 cmake/stm32cubemx/CMakeFiles/STM32_Drivers.dir/__/__/Drivers/STM32H7xx_HAL_Driver/Src/stm32h7xx_hal_pwr_ex.c.obj
                0x08001cf8                HAL_PWREx_ConfigSupply
 .text.HAL_Init
                0x08001d6c       0x78 cmake/stm32cubemx/CMakeFiles/STM32_Drivers.dir/__/__/Drivers/STM32H7xx_HAL_Driver/Src/stm32h7xx_hal.c.obj
                0x08001d6c                HAL_Init
 .text.HAL_InitTick
                0x08001de4       0x6c cmake/stm32cubemx/CMakeFiles/STM32_Drivers.dir/__/__/Drivers/STM32H7xx_HAL_Driver/Src/stm32h7xx_hal.c.obj
                0x08001de4                HAL_InitTick
 .text.HAL_IncTick
                0x08001e50       0x24 cmake/stm32cubemx/CMakeFiles/STM32_Drivers.dir/__/__/Drivers/STM32H7xx_HAL_Driver/Src/stm32h7xx_hal.c.obj
                0x08001e50                HAL_IncTick
 .text.HAL_GetTick
                0x08001e74       0x14 cmake/stm32cubemx/CMakeFiles/STM32_Drivers.dir/__/__/Drivers/STM32H7xx_HAL_Driver/Src/stm32h7xx_hal.c.obj
                0x08001e74                HAL_GetTick
 .text.HAL_Delay
                0x08001e88       0x48 cmake/stm32cubemx/CMakeFiles/STM32_Drivers.dir/__/__/Drivers/STM32H7xx_HAL_Driver/Src/stm32h7xx_hal.c.obj
                0x08001e88                HAL_Delay
 .text.HAL_GetREVID
                0x08001ed0       0x18 cmake/stm32cubemx/CMakeFiles/STM32_Drivers.dir/__/__/Drivers/STM32H7xx_HAL_Driver/Src/stm32h7xx_hal.c.obj
                0x08001ed0                HAL_GetREVID
 .text.memset   0x08001ee8       0x10 D:/arm-gnu-toolchain-15.3.rel1-mingw-w64-x86_64-arm-none-eabi/bin/../lib/gcc/arm-none-eabi/15.3.1/../../../../arm-none-eabi/lib/thumb/v7e-m+dp/hard\libg_nano.a(libc_a-memset.o)
                0x08001ee8                memset
 .text.__libc_init_array
                0x08001ef8       0x48 D:/arm-gnu-toolchain-15.3.rel1-mingw-w64-x86_64-arm-none-eabi/bin/../lib/gcc/arm-none-eabi/15.3.1/../../../../arm-none-eabi/lib/thumb/v7e-m+dp/hard\libg_nano.a(libc_a-init.o)
                0x08001ef8                __libc_init_array
 *(.glue_7)
 .glue_7        0x08001f40        0x0 linker stubs
 *(.glue_7t)
 .glue_7t       0x08001f40        0x0 linker stubs
 *(.eh_frame)
 .eh_frame      0x08001f40        0x0 D:/arm-gnu-toolchain-15.3.rel1-mingw-w64-x86_64-arm-none-eabi/bin/../lib/gcc/arm-none-eabi/15.3.1/thumb/v7e-m+dp/hard/crtbegin.o
 *(.init)
 .init          0x08001f40        0x4 D:/arm-gnu-toolchain-15.3.rel1-mingw-w64-x86_64-arm-none-eabi/bin/../lib/gcc/arm-none-eabi/15.3.1/thumb/v7e-m+dp/hard/crti.o
                0x08001f40                _init
 .init          0x08001f44        0x8 D:/arm-gnu-toolchain-15.3.rel1-mingw-w64-x86_64-arm-none-eabi/bin/../lib/gcc/arm-none-eabi/15.3.1/thumb/v7e-m+dp/hard/crtn.o
 *(.fini)
 .fini          0x08001f4c        0x4 D:/arm-gnu-toolchain-15.3.rel1-mingw-w64-x86_64-arm-none-eabi/bin/../lib/gcc/arm-none-eabi/15.3.1/thumb/v7e-m+dp/hard/crti.o
                0x08001f4c                _fini
 .fini          0x08001f50        0x8 D:/arm-gnu-toolchain-15.3.rel1-mingw-w64-x86_64-arm-none-eabi/bin/../lib/gcc/arm-none-eabi/15.3.1/thumb/v7e-m+dp/hard/crtn.o
                0x08001f58                        . = ALIGN (0x4)
                0x08001f58                        _etext = .

.vfp11_veneer   0x08001f58        0x0
 .vfp11_veneer  0x08001f58        0x0 linker stubs

.v4_bx          0x08001f58        0x0
 .v4_bx         0x08001f58        0x0 linker stubs

.iplt           0x08001f58        0x0
 .iplt          0x08001f58        0x0 D:/arm-gnu-toolchain-15.3.rel1-mingw-w64-x86_64-arm-none-eabi/bin/../lib/gcc/arm-none-eabi/15.3.1/thumb/v7e-m+dp/hard/crtbegin.o

.rodata         0x08001f58       0x10
                0x08001f58                        . = ALIGN (0x4)
 *(.rodata)
 *(.rodata*)
 .rodata.D1CorePrescTable
                0x08001f58       0x10 cmake/stm32cubemx/CMakeFiles/STM32_Drivers.dir/__/__/Core/Src/system_stm32h7xx.c.obj
                0x08001f58                D1CorePrescTable
                0x08001f68                        . = ALIGN (0x4)

.ARM.extab      0x08001f68        0x0
                0x08001f68                        . = ALIGN (0x4)
 *(.ARM.extab* .gnu.linkonce.armextab.*)
                0x08001f68                        . = ALIGN (0x4)

.ARM            0x08001f68        0x0
                0x08001f68                        . = ALIGN (0x4)
                0x08001f68                        __exidx_start = .
 *(.ARM.exidx*)
                0x08001f68                        __exidx_end = .
                0x08001f68                        . = ALIGN (0x4)

.preinit_array  0x08001f68        0x0
                0x08001f68                        . = ALIGN (0x4)
                0x08001f68                        PROVIDE (__preinit_array_start = .)
 *(.preinit_array*)
                0x08001f68                        PROVIDE (__preinit_array_end = .)
                0x08001f68                        . = ALIGN (0x4)

.init_array     0x08001f68        0x4
                0x08001f68                        . = ALIGN (0x4)
                0x08001f68                        PROVIDE (__init_array_start = .)
 *(SORT_BY_NAME(.init_array.*))
 *(.init_array*)
 .init_array    0x08001f68        0x4 D:/arm-gnu-toolchain-15.3.rel1-mingw-w64-x86_64-arm-none-eabi/bin/../lib/gcc/arm-none-eabi/15.3.1/thumb/v7e-m+dp/hard/crtbegin.o
                0x08001f6c                        PROVIDE (__init_array_end = .)
                0x08001f6c                        . = ALIGN (0x4)

.fini_array     0x08001f6c        0x4
                0x08001f6c                        . = ALIGN (0x4)
                [!provide]                        PROVIDE (__fini_array_start = .)
 *(SORT_BY_NAME(.fini_array.*))
 *(.fini_array*)
 .fini_array    0x08001f6c        0x4 D:/arm-gnu-toolchain-15.3.rel1-mingw-w64-x86_64-arm-none-eabi/bin/../lib/gcc/arm-none-eabi/15.3.1/thumb/v7e-m+dp/hard/crtbegin.o
                [!provide]                        PROVIDE (__fini_array_end = .)
                0x08001f70                        . = ALIGN (0x4)
                0x08001f70                        _sidata = LOADADDR (.data)

.rel.dyn        0x08001f70        0x0
 .rel.iplt      0x08001f70        0x0 D:/arm-gnu-toolchain-15.3.rel1-mingw-w64-x86_64-arm-none-eabi/bin/../lib/gcc/arm-none-eabi/15.3.1/thumb/v7e-m+dp/hard/crtbegin.o

.data           0x20000000       0x10 load address 0x08001f70
                0x20000000                        . = ALIGN (0x4)
                0x20000000                        _sdata = .
 *(.data)
 *(.data*)
 .data.SystemCoreClock
                0x20000000        0x4 cmake/stm32cubemx/CMakeFiles/STM32_Drivers.dir/__/__/Core/Src/system_stm32h7xx.c.obj
                0x20000000                SystemCoreClock
 .data.SystemD2Clock
                0x20000004        0x4 cmake/stm32cubemx/CMakeFiles/STM32_Drivers.dir/__/__/Core/Src/system_stm32h7xx.c.obj
                0x20000004                SystemD2Clock
 .data.uwTickPrio
                0x20000008        0x4 cmake/stm32cubemx/CMakeFiles/STM32_Drivers.dir/__/__/Drivers/STM32H7xx_HAL_Driver/Src/stm32h7xx_hal.c.obj
                0x20000008                uwTickPrio
 .data.uwTickFreq
                0x2000000c        0x1 cmake/stm32cubemx/CMakeFiles/STM32_Drivers.dir/__/__/Drivers/STM32H7xx_HAL_Driver/Src/stm32h7xx_hal.c.obj
                0x2000000c                uwTickFreq
 *(.RamFunc)
 *(.RamFunc*)
                0x20000010                        . = ALIGN (0x4)
 *fill*         0x2000000d        0x3 

.tm_clone_table
                0x20000010        0x0 load address 0x08001f80
 .tm_clone_table
                0x20000010        0x0 D:/arm-gnu-toolchain-15.3.rel1-mingw-w64-x86_64-arm-none-eabi/bin/../lib/gcc/arm-none-eabi/15.3.1/thumb/v7e-m+dp/hard/crtbegin.o
 .tm_clone_table
                0x20000010        0x0 D:/arm-gnu-toolchain-15.3.rel1-mingw-w64-x86_64-arm-none-eabi/bin/../lib/gcc/arm-none-eabi/15.3.1/thumb/v7e-m+dp/hard/crtend.o

.igot.plt       0x20000010        0x0 load address 0x08001f80
 .igot.plt      0x20000010        0x0 D:/arm-gnu-toolchain-15.3.rel1-mingw-w64-x86_64-arm-none-eabi/bin/../lib/gcc/arm-none-eabi/15.3.1/thumb/v7e-m+dp/hard/crtbegin.o

.tdata          0x20000010        0x0 load address 0x08001f80
 *(.tdata .tdata.* .gnu.linkonce.td.*)
                0x20000010                        . = ALIGN (0x4)
                0x20000010                        _edata = .
                [!provide]                        PROVIDE (__data_end = .)
                [!provide]                        PROVIDE (__tdata_end = .)
                [!provide]                        PROVIDE (__tdata_start = ADDR (.tdata))
                [!provide]                        PROVIDE (__tdata_size = (__tdata_end - __tdata_start))
                [!provide]                        PROVIDE (__data_start = ADDR (.data))
                [!provide]                        PROVIDE (__data_size = (__data_end - __data_start))
                [!provide]                        PROVIDE (__tdata_source = LOADADDR (.tdata))
                [!provide]                        PROVIDE (__tdata_source_end = (LOADADDR (.tdata) + SIZEOF (.tdata)))
                [!provide]                        PROVIDE (__tdata_source_size = (__tdata_source_end - __tdata_source))
                [!provide]                        PROVIDE (__data_source = LOADADDR (.data))
                [!provide]                        PROVIDE (__data_source_end = __tdata_source_end)
                [!provide]                        PROVIDE (__data_source_size = (__data_source_end - __data_source))

.tbss           0x20000010        0x0 load address 0x08001f80
                0x20000010                        _sbss = .
                0x20000010                        __bss_start__ = _sbss
 *(.tbss .tbss.*)
                0x20000010                        . = ALIGN (0x4)
                [!provide]                        PROVIDE (__tbss_end = .)
                [!provide]                        PROVIDE (__tbss_start = ADDR (.tbss))
                [!provide]                        PROVIDE (__tbss_size = (__tbss_end - __tbss_start))
                [!provide]                        PROVIDE (__tbss_offset = (ADDR (.tbss) - ADDR (.tdata)))
                [!provide]                        PROVIDE (__tls_base = __tdata_start)
                [!provide]                        PROVIDE (__tls_end = __tbss_end)
                [!provide]                        PROVIDE (__tls_size = (__tls_end - __tls_base))
                [!provide]                        PROVIDE (__tls_align = MAX (ALIGNOF (.tdata), ALIGNOF (.tbss)))
                [!provide]                        PROVIDE (__tls_size_align = (((__tls_size + __tls_align) - 0x1) & ~ ((__tls_align - 0x1))))
                [!provide]                        PROVIDE (__arm32_tls_tcb_offset = MAX (0x8, __tls_align))
                [!provide]                        PROVIDE (__arm64_tls_tcb_offset = MAX (0x10, __tls_align))

.bss            0x20000010       0x24 load address 0x08001f80
 *(.bss)
 *(.bss*)
 .bss.completed.1
                0x20000010        0x1 D:/arm-gnu-toolchain-15.3.rel1-mingw-w64-x86_64-arm-none-eabi/bin/../lib/gcc/arm-none-eabi/15.3.1/thumb/v7e-m+dp/hard/crtbegin.o
 *fill*         0x20000011        0x3 
 .bss.object.0  0x20000014       0x18 D:/arm-gnu-toolchain-15.3.rel1-mingw-w64-x86_64-arm-none-eabi/bin/../lib/gcc/arm-none-eabi/15.3.1/thumb/v7e-m+dp/hard/crtbegin.o
 .bss.test      0x2000002c        0x1 CMakeFiles/dcmi.dir/Core/Src/main.c.obj
                0x2000002c                test
 *fill*         0x2000002d        0x3 
 .bss.uwTick    0x20000030        0x4 cmake/stm32cubemx/CMakeFiles/STM32_Drivers.dir/__/__/Drivers/STM32H7xx_HAL_Driver/Src/stm32h7xx_hal.c.obj
                0x20000030                uwTick
 *(COMMON)
                0x20000034                        . = ALIGN (0x4)
                0x20000034                        _ebss = .
                0x20000034                        __bss_end__ = _ebss
                [!provide]                        PROVIDE (__bss_end = .)
                [!provide]                        PROVIDE (__non_tls_bss_start = ADDR (.bss))
                [!provide]                        PROVIDE (__bss_start = __tbss_start)
                [!provide]                        PROVIDE (__bss_size = (__bss_end - __bss_start))

._user_heap_stack
                0x20000034      0x604 load address 0x08001f80
                0x20000038                        . = ALIGN (0x8)
 *fill*         0x20000034        0x4 
                [!provide]                        PROVIDE (end = .)
                0x20000038                        PROVIDE (_end = .)
                0x20000238                        . = (. + _Min_Heap_Size)
 *fill*         0x20000038      0x200 
                0x20000638                        . = (. + _Min_Stack_Size)
 *fill*         0x20000238      0x400 
                0x20000638                        . = ALIGN (0x8)

/DISCARD/
 libc.a:*(*)
 libm.a:*(*)
 libgcc.a:*(*)
OUTPUT(dcmi.elf elf32-littlearm)
LOAD linker stubs

.ARM.attributes
                0x00000000       0x2e
 .ARM.attributes
                0x00000000       0x20 D:/arm-gnu-toolchain-15.3.rel1-mingw-w64-x86_64-arm-none-eabi/bin/../lib/gcc/arm-none-eabi/15.3.1/thumb/v7e-m+dp/hard/crti.o
 .ARM.attributes
                0x00000020       0x32 D:/arm-gnu-toolchain-15.3.rel1-mingw-w64-x86_64-arm-none-eabi/bin/../lib/gcc/arm-none-eabi/15.3.1/thumb/v7e-m+dp/hard/crtbegin.o
 .ARM.attributes
                0x00000052       0x32 CMakeFiles/dcmi.dir/Core/Src/main.c.obj
 .ARM.attributes
                0x00000084       0x32 CMakeFiles/dcmi.dir/Core/Src/gpio.c.obj
 .ARM.attributes
                0x000000b6       0x32 CMakeFiles/dcmi.dir/Core/Src/stm32h7xx_it.c.obj
 .ARM.attributes
                0x000000e8       0x32 CMakeFiles/dcmi.dir/Core/Src/stm32h7xx_hal_msp.c.obj
 .ARM.attributes
                0x0000011a       0x21 CMakeFiles/dcmi.dir/startup_stm32h743xx.s.obj
 .ARM.attributes
                0x0000013b       0x32 cmake/stm32cubemx/CMakeFiles/STM32_Drivers.dir/__/__/Core/Src/system_stm32h7xx.c.obj
 .ARM.attributes
                0x0000016d       0x32 cmake/stm32cubemx/CMakeFiles/STM32_Drivers.dir/__/__/Drivers/STM32H7xx_HAL_Driver/Src/stm32h7xx_hal_cortex.c.obj
 .ARM.attributes
                0x0000019f       0x32 cmake/stm32cubemx/CMakeFiles/STM32_Drivers.dir/__/__/Drivers/STM32H7xx_HAL_Driver/Src/stm32h7xx_hal_rcc.c.obj
 .ARM.attributes
                0x000001d1       0x32 cmake/stm32cubemx/CMakeFiles/STM32_Drivers.dir/__/__/Drivers/STM32H7xx_HAL_Driver/Src/stm32h7xx_hal_gpio.c.obj
 .ARM.attributes
                0x00000203       0x32 cmake/stm32cubemx/CMakeFiles/STM32_Drivers.dir/__/__/Drivers/STM32H7xx_HAL_Driver/Src/stm32h7xx_hal_pwr_ex.c.obj
 .ARM.attributes
                0x00000235       0x32 cmake/stm32cubemx/CMakeFiles/STM32_Drivers.dir/__/__/Drivers/STM32H7xx_HAL_Driver/Src/stm32h7xx_hal.c.obj
 .ARM.attributes
                0x00000267       0x32 D:/arm-gnu-toolchain-15.3.rel1-mingw-w64-x86_64-arm-none-eabi/bin/../lib/gcc/arm-none-eabi/15.3.1/../../../../arm-none-eabi/lib/thumb/v7e-m+dp/hard\libg_nano.a(libc_a-memset.o)
 .ARM.attributes
                0x00000299       0x32 D:/arm-gnu-toolchain-15.3.rel1-mingw-w64-x86_64-arm-none-eabi/bin/../lib/gcc/arm-none-eabi/15.3.1/../../../../arm-none-eabi/lib/thumb/v7e-m+dp/hard\libg_nano.a(libc_a-init.o)
 .ARM.attributes
                0x000002cb       0x32 D:/arm-gnu-toolchain-15.3.rel1-mingw-w64-x86_64-arm-none-eabi/bin/../lib/gcc/arm-none-eabi/15.3.1/thumb/v7e-m+dp/hard/crtend.o
 .ARM.attributes
                0x000002fd       0x20 D:/arm-gnu-toolchain-15.3.rel1-mingw-w64-x86_64-arm-none-eabi/bin/../lib/gcc/arm-none-eabi/15.3.1/thumb/v7e-m+dp/hard/crtn.o

.comment        0x00000000       0x46
 .comment       0x00000000       0x46 CMakeFiles/dcmi.dir/Core/Src/main.c.obj
                                 0x47 (size before relaxing)
 .comment       0x00000046        0x0 CMakeFiles/dcmi.dir/Core/Src/gpio.c.obj
                                 0x47 (size before relaxing)
 .comment       0x00000046        0x0 CMakeFiles/dcmi.dir/Core/Src/stm32h7xx_it.c.obj
                                 0x47 (size before relaxing)
 .comment       0x00000046        0x0 CMakeFiles/dcmi.dir/Core/Src/stm32h7xx_hal_msp.c.obj
                                 0x47 (size before relaxing)
 .comment       0x00000046        0x0 cmake/stm32cubemx/CMakeFiles/STM32_Drivers.dir/__/__/Core/Src/system_stm32h7xx.c.obj
                                 0x47 (size before relaxing)
 .comment       0x00000046        0x0 cmake/stm32cubemx/CMakeFiles/STM32_Drivers.dir/__/__/Drivers/STM32H7xx_HAL_Driver/Src/stm32h7xx_hal_cortex.c.obj
                                 0x47 (size before relaxing)
 .comment       0x00000046        0x0 cmake/stm32cubemx/CMakeFiles/STM32_Drivers.dir/__/__/Drivers/STM32H7xx_HAL_Driver/Src/stm32h7xx_hal_rcc.c.obj
                                 0x47 (size before relaxing)
 .comment       0x00000046        0x0 cmake/stm32cubemx/CMakeFiles/STM32_Drivers.dir/__/__/Drivers/STM32H7xx_HAL_Driver/Src/stm32h7xx_hal_gpio.c.obj
                                 0x47 (size before relaxing)
 .comment       0x00000046        0x0 cmake/stm32cubemx/CMakeFiles/STM32_Drivers.dir/__/__/Drivers/STM32H7xx_HAL_Driver/Src/stm32h7xx_hal_pwr_ex.c.obj
                                 0x47 (size before relaxing)
 .comment       0x00000046        0x0 cmake/stm32cubemx/CMakeFiles/STM32_Drivers.dir/__/__/Drivers/STM32H7xx_HAL_Driver/Src/stm32h7xx_hal.c.obj
                                 0x47 (size before relaxing)

.debug_info     0x00000000     0x7299
 .debug_info    0x00000000      0x818 CMakeFiles/dcmi.dir/Core/Src/main.c.obj
 .debug_info    0x00000818      0x62b CMakeFiles/dcmi.dir/Core/Src/gpio.c.obj
 .debug_info    0x00000e43      0x128 CMakeFiles/dcmi.dir/Core/Src/stm32h7xx_it.c.obj
 .debug_info    0x00000f6b      0x464 CMakeFiles/dcmi.dir/Core/Src/stm32h7xx_hal_msp.c.obj
 .debug_info    0x000013cf       0x30 CMakeFiles/dcmi.dir/startup_stm32h743xx.s.obj
 .debug_info    0x000013ff      0xdb2 cmake/stm32cubemx/CMakeFiles/STM32_Drivers.dir/__/__/Core/Src/system_stm32h7xx.c.obj
 .debug_info    0x000021b1     0x10be cmake/stm32cubemx/CMakeFiles/STM32_Drivers.dir/__/__/Drivers/STM32H7xx_HAL_Driver/Src/stm32h7xx_hal_cortex.c.obj
 .debug_info    0x0000326f      0xe74 cmake/stm32cubemx/CMakeFiles/STM32_Drivers.dir/__/__/Drivers/STM32H7xx_HAL_Driver/Src/stm32h7xx_hal_rcc.c.obj
 .debug_info    0x000040e3      0xc5a cmake/stm32cubemx/CMakeFiles/STM32_Drivers.dir/__/__/Drivers/STM32H7xx_HAL_Driver/Src/stm32h7xx_hal_gpio.c.obj
 .debug_info    0x00004d3d     0x1021 cmake/stm32cubemx/CMakeFiles/STM32_Drivers.dir/__/__/Drivers/STM32H7xx_HAL_Driver/Src/stm32h7xx_hal_pwr_ex.c.obj
 .debug_info    0x00005d5e     0x153b cmake/stm32cubemx/CMakeFiles/STM32_Drivers.dir/__/__/Drivers/STM32H7xx_HAL_Driver/Src/stm32h7xx_hal.c.obj

.debug_abbrev   0x00000000     0x1400
 .debug_abbrev  0x00000000      0x25a CMakeFiles/dcmi.dir/Core/Src/main.c.obj
 .debug_abbrev  0x0000025a      0x1a4 CMakeFiles/dcmi.dir/Core/Src/gpio.c.obj
 .debug_abbrev  0x000003fe       0x73 CMakeFiles/dcmi.dir/Core/Src/stm32h7xx_it.c.obj
 .debug_abbrev  0x00000471       0xdb CMakeFiles/dcmi.dir/Core/Src/stm32h7xx_hal_msp.c.obj
 .debug_abbrev  0x0000054c       0x24 CMakeFiles/dcmi.dir/startup_stm32h743xx.s.obj
 .debug_abbrev  0x00000570      0x14e cmake/stm32cubemx/CMakeFiles/STM32_Drivers.dir/__/__/Core/Src/system_stm32h7xx.c.obj
 .debug_abbrev  0x000006be      0x339 cmake/stm32cubemx/CMakeFiles/STM32_Drivers.dir/__/__/Drivers/STM32H7xx_HAL_Driver/Src/stm32h7xx_hal_cortex.c.obj
 .debug_abbrev  0x000009f7      0x2c8 cmake/stm32cubemx/CMakeFiles/STM32_Drivers.dir/__/__/Drivers/STM32H7xx_HAL_Driver/Src/stm32h7xx_hal_rcc.c.obj
 .debug_abbrev  0x00000cbf      0x205 cmake/stm32cubemx/CMakeFiles/STM32_Drivers.dir/__/__/Drivers/STM32H7xx_HAL_Driver/Src/stm32h7xx_hal_gpio.c.obj
 .debug_abbrev  0x00000ec4      0x2a7 cmake/stm32cubemx/CMakeFiles/STM32_Drivers.dir/__/__/Drivers/STM32H7xx_HAL_Driver/Src/stm32h7xx_hal_pwr_ex.c.obj
 .debug_abbrev  0x0000116b      0x295 cmake/stm32cubemx/CMakeFiles/STM32_Drivers.dir/__/__/Drivers/STM32H7xx_HAL_Driver/Src/stm32h7xx_hal.c.obj

.debug_aranges  0x00000000      0x638
 .debug_aranges
                0x00000000       0x38 CMakeFiles/dcmi.dir/Core/Src/main.c.obj
 .debug_aranges
                0x00000038       0x28 CMakeFiles/dcmi.dir/Core/Src/gpio.c.obj
 .debug_aranges
                0x00000060       0x60 CMakeFiles/dcmi.dir/Core/Src/stm32h7xx_it.c.obj
 .debug_aranges
                0x000000c0       0x20 CMakeFiles/dcmi.dir/Core/Src/stm32h7xx_hal_msp.c.obj
 .debug_aranges
                0x000000e0       0x28 CMakeFiles/dcmi.dir/startup_stm32h743xx.s.obj
 .debug_aranges
                0x00000108       0x30 cmake/stm32cubemx/CMakeFiles/STM32_Drivers.dir/__/__/Core/Src/system_stm32h7xx.c.obj
 .debug_aranges
                0x00000138      0x130 cmake/stm32cubemx/CMakeFiles/STM32_Drivers.dir/__/__/Drivers/STM32H7xx_HAL_Driver/Src/stm32h7xx_hal_cortex.c.obj
 .debug_aranges
                0x00000268       0x88 cmake/stm32cubemx/CMakeFiles/STM32_Drivers.dir/__/__/Drivers/STM32H7xx_HAL_Driver/Src/stm32h7xx_hal_rcc.c.obj
 .debug_aranges
                0x000002f0       0x58 cmake/stm32cubemx/CMakeFiles/STM32_Drivers.dir/__/__/Drivers/STM32H7xx_HAL_Driver/Src/stm32h7xx_hal_gpio.c.obj
 .debug_aranges
                0x00000348      0x158 cmake/stm32cubemx/CMakeFiles/STM32_Drivers.dir/__/__/Drivers/STM32H7xx_HAL_Driver/Src/stm32h7xx_hal_pwr_ex.c.obj
 .debug_aranges
                0x000004a0      0x198 cmake/stm32cubemx/CMakeFiles/STM32_Drivers.dir/__/__/Drivers/STM32H7xx_HAL_Driver/Src/stm32h7xx_hal.c.obj

.debug_rnglists
                0x00000000      0x489
 .debug_rnglists
                0x00000000       0x26 CMakeFiles/dcmi.dir/Core/Src/main.c.obj
 .debug_rnglists
                0x00000026       0x19 CMakeFiles/dcmi.dir/Core/Src/gpio.c.obj
 .debug_rnglists
                0x0000003f       0x43 CMakeFiles/dcmi.dir/Core/Src/stm32h7xx_it.c.obj
 .debug_rnglists
                0x00000082       0x13 CMakeFiles/dcmi.dir/Core/Src/stm32h7xx_hal_msp.c.obj
 .debug_rnglists
                0x00000095       0x19 CMakeFiles/dcmi.dir/startup_stm32h743xx.s.obj
 .debug_rnglists
                0x000000ae       0x21 cmake/stm32cubemx/CMakeFiles/STM32_Drivers.dir/__/__/Core/Src/system_stm32h7xx.c.obj
 .debug_rnglists
                0x000000cf       0xdf cmake/stm32cubemx/CMakeFiles/STM32_Drivers.dir/__/__/Drivers/STM32H7xx_HAL_Driver/Src/stm32h7xx_hal_cortex.c.obj
 .debug_rnglists
                0x000001ae       0x68 cmake/stm32cubemx/CMakeFiles/STM32_Drivers.dir/__/__/Drivers/STM32H7xx_HAL_Driver/Src/stm32h7xx_hal_rcc.c.obj
 .debug_rnglists
                0x00000216       0x3f cmake/stm32cubemx/CMakeFiles/STM32_Drivers.dir/__/__/Drivers/STM32H7xx_HAL_Driver/Src/stm32h7xx_hal_gpio.c.obj
 .debug_rnglists
                0x00000255      0x103 cmake/stm32cubemx/CMakeFiles/STM32_Drivers.dir/__/__/Drivers/STM32H7xx_HAL_Driver/Src/stm32h7xx_hal_pwr_ex.c.obj
 .debug_rnglists
                0x00000358      0x131 cmake/stm32cubemx/CMakeFiles/STM32_Drivers.dir/__/__/Drivers/STM32H7xx_HAL_Driver/Src/stm32h7xx_hal.c.obj

.debug_macro    0x00000000    0x34961
 .debug_macro   0x00000000      0x296 CMakeFiles/dcmi.dir/Core/Src/main.c.obj
 .debug_macro   0x00000296      0xb08 CMakeFiles/dcmi.dir/Core/Src/main.c.obj
 .debug_macro   0x00000d9e      0x1ea CMakeFiles/dcmi.dir/Core/Src/main.c.obj
 .debug_macro   0x00000f88       0x2e CMakeFiles/dcmi.dir/Core/Src/main.c.obj
 .debug_macro   0x00000fb6       0x3b CMakeFiles/dcmi.dir/Core/Src/main.c.obj
 .debug_macro   0x00000ff1       0x22 CMakeFiles/dcmi.dir/Core/Src/main.c.obj
 .debug_macro   0x00001013       0x8e CMakeFiles/dcmi.dir/Core/Src/main.c.obj
 .debug_macro   0x000010a1       0x6d CMakeFiles/dcmi.dir/Core/Src/main.c.obj
 .debug_macro   0x0000110e      0x103 CMakeFiles/dcmi.dir/Core/Src/main.c.obj
 .debug_macro   0x00001211       0x6a CMakeFiles/dcmi.dir/Core/Src/main.c.obj
 .debug_macro   0x0000127b      0x1d0 CMakeFiles/dcmi.dir/Core/Src/main.c.obj
 .debug_macro   0x0000144b       0x1c CMakeFiles/dcmi.dir/Core/Src/main.c.obj
 .debug_macro   0x00001467       0x22 CMakeFiles/dcmi.dir/Core/Src/main.c.obj
 .debug_macro   0x00001489       0xfb CMakeFiles/dcmi.dir/Core/Src/main.c.obj
 .debug_macro   0x00001584     0x1313 CMakeFiles/dcmi.dir/Core/Src/main.c.obj
 .debug_macro   0x00002897      0x11f CMakeFiles/dcmi.dir/Core/Src/main.c.obj
 .debug_macro   0x000029b6       0x22 CMakeFiles/dcmi.dir/Core/Src/main.c.obj
 .debug_macro   0x000029d8    0x25bb3 CMakeFiles/dcmi.dir/Core/Src/main.c.obj
 .debug_macro   0x0002858b       0x6d CMakeFiles/dcmi.dir/Core/Src/main.c.obj
 .debug_macro   0x000285f8     0x3d79 CMakeFiles/dcmi.dir/Core/Src/main.c.obj
 .debug_macro   0x0002c371      0x190 CMakeFiles/dcmi.dir/Core/Src/main.c.obj
 .debug_macro   0x0002c501       0x7b CMakeFiles/dcmi.dir/Core/Src/main.c.obj
 .debug_macro   0x0002c57c       0x29 CMakeFiles/dcmi.dir/Core/Src/main.c.obj
 .debug_macro   0x0002c5a5       0x3c CMakeFiles/dcmi.dir/Core/Src/main.c.obj
 .debug_macro   0x0002c5e1       0x34 CMakeFiles/dcmi.dir/Core/Src/main.c.obj
 .debug_macro   0x0002c615      0x364 CMakeFiles/dcmi.dir/Core/Src/main.c.obj
 .debug_macro   0x0002c979       0x16 CMakeFiles/dcmi.dir/Core/Src/main.c.obj
 .debug_macro   0x0002c98f       0x4a CMakeFiles/dcmi.dir/Core/Src/main.c.obj
 .debug_macro   0x0002c9d9       0x34 CMakeFiles/dcmi.dir/Core/Src/main.c.obj
 .debug_macro   0x0002ca0d       0x10 CMakeFiles/dcmi.dir/Core/Src/main.c.obj
 .debug_macro   0x0002ca1d       0x58 CMakeFiles/dcmi.dir/Core/Src/main.c.obj
 .debug_macro   0x0002ca75      0x1e5 CMakeFiles/dcmi.dir/Core/Src/main.c.obj
 .debug_macro   0x0002cc5a      0x19b CMakeFiles/dcmi.dir/Core/Src/main.c.obj
 .debug_macro   0x0002cdf5       0x5d CMakeFiles/dcmi.dir/Core/Src/main.c.obj
 .debug_macro   0x0002ce52     0x2382 CMakeFiles/dcmi.dir/Core/Src/main.c.obj
 .debug_macro   0x0002f1d4     0x102c CMakeFiles/dcmi.dir/Core/Src/main.c.obj
 .debug_macro   0x00030200      0x154 CMakeFiles/dcmi.dir/Core/Src/main.c.obj
 .debug_macro   0x00030354      0x114 CMakeFiles/dcmi.dir/Core/Src/main.c.obj
 .debug_macro   0x00030468      0x3b6 CMakeFiles/dcmi.dir/Core/Src/main.c.obj
 .debug_macro   0x0003081e       0xac CMakeFiles/dcmi.dir/Core/Src/main.c.obj
 .debug_macro   0x000308ca      0x72d CMakeFiles/dcmi.dir/Core/Src/main.c.obj
 .debug_macro   0x00030ff7      0x228 CMakeFiles/dcmi.dir/Core/Src/main.c.obj
 .debug_macro   0x0003121f       0x66 CMakeFiles/dcmi.dir/Core/Src/main.c.obj
 .debug_macro   0x00031285      0x3bb CMakeFiles/dcmi.dir/Core/Src/main.c.obj
 .debug_macro   0x00031640      0x3e4 CMakeFiles/dcmi.dir/Core/Src/main.c.obj
 .debug_macro   0x00031a24      0x275 CMakeFiles/dcmi.dir/Core/Src/main.c.obj
 .debug_macro   0x00031c99      0x3ca CMakeFiles/dcmi.dir/Core/Src/main.c.obj
 .debug_macro   0x00032063      0x408 CMakeFiles/dcmi.dir/Core/Src/main.c.obj
 .debug_macro   0x0003246b       0x51 CMakeFiles/dcmi.dir/Core/Src/main.c.obj
 .debug_macro   0x000324bc       0x4a CMakeFiles/dcmi.dir/Core/Src/main.c.obj
 .debug_macro   0x00032506      0x22c CMakeFiles/dcmi.dir/Core/Src/main.c.obj
 .debug_macro   0x00032732       0x67 CMakeFiles/dcmi.dir/Core/Src/main.c.obj
 .debug_macro   0x00032799       0xa5 CMakeFiles/dcmi.dir/Core/Src/main.c.obj
 .debug_macro   0x0003283e      0x1c4 CMakeFiles/dcmi.dir/Core/Src/main.c.obj
 .debug_macro   0x00032a02      0x25e CMakeFiles/dcmi.dir/Core/Src/main.c.obj
 .debug_macro   0x00032c60       0x35 CMakeFiles/dcmi.dir/Core/Src/main.c.obj
 .debug_macro   0x00032c95      0x5ac CMakeFiles/dcmi.dir/Core/Src/main.c.obj
 .debug_macro   0x00033241       0x10 CMakeFiles/dcmi.dir/Core/Src/main.c.obj
 .debug_macro   0x00033251      0x292 CMakeFiles/dcmi.dir/Core/Src/gpio.c.obj
 .debug_macro   0x000334e3      0x292 CMakeFiles/dcmi.dir/Core/Src/stm32h7xx_it.c.obj
 .debug_macro   0x00033775      0x288 CMakeFiles/dcmi.dir/Core/Src/stm32h7xx_hal_msp.c.obj
 .debug_macro   0x000339fd      0x279 cmake/stm32cubemx/CMakeFiles/STM32_Drivers.dir/__/__/Core/Src/system_stm32h7xx.c.obj
 .debug_macro   0x00033c76      0x279 cmake/stm32cubemx/CMakeFiles/STM32_Drivers.dir/__/__/Drivers/STM32H7xx_HAL_Driver/Src/stm32h7xx_hal_cortex.c.obj
 .debug_macro   0x00033eef      0x29d cmake/stm32cubemx/CMakeFiles/STM32_Drivers.dir/__/__/Drivers/STM32H7xx_HAL_Driver/Src/stm32h7xx_hal_rcc.c.obj
 .debug_macro   0x0003418c      0x280 cmake/stm32cubemx/CMakeFiles/STM32_Drivers.dir/__/__/Drivers/STM32H7xx_HAL_Driver/Src/stm32h7xx_hal_gpio.c.obj
 .debug_macro   0x0003440c      0x2b2 cmake/stm32cubemx/CMakeFiles/STM32_Drivers.dir/__/__/Drivers/STM32H7xx_HAL_Driver/Src/stm32h7xx_hal_pwr_ex.c.obj
 .debug_macro   0x000346be      0x2a3 cmake/stm32cubemx/CMakeFiles/STM32_Drivers.dir/__/__/Drivers/STM32H7xx_HAL_Driver/Src/stm32h7xx_hal.c.obj

.debug_line     0x00000000     0x6ac6
 .debug_line    0x00000000      0x792 CMakeFiles/dcmi.dir/Core/Src/main.c.obj
 .debug_line    0x00000792      0x6cb CMakeFiles/dcmi.dir/Core/Src/gpio.c.obj
 .debug_line    0x00000e5d      0x74d CMakeFiles/dcmi.dir/Core/Src/stm32h7xx_it.c.obj
 .debug_line    0x000015aa      0x6a5 CMakeFiles/dcmi.dir/Core/Src/stm32h7xx_hal_msp.c.obj
 .debug_line    0x00001c4f       0x7b CMakeFiles/dcmi.dir/startup_stm32h743xx.s.obj
 .debug_line    0x00001cca      0x8ab cmake/stm32cubemx/CMakeFiles/STM32_Drivers.dir/__/__/Core/Src/system_stm32h7xx.c.obj
 .debug_line    0x00002575      0xc78 cmake/stm32cubemx/CMakeFiles/STM32_Drivers.dir/__/__/Drivers/STM32H7xx_HAL_Driver/Src/stm32h7xx_hal_cortex.c.obj
 .debug_line    0x000031ed     0x1339 cmake/stm32cubemx/CMakeFiles/STM32_Drivers.dir/__/__/Drivers/STM32H7xx_HAL_Driver/Src/stm32h7xx_hal_rcc.c.obj
 .debug_line    0x00004526      0xb19 cmake/stm32cubemx/CMakeFiles/STM32_Drivers.dir/__/__/Drivers/STM32H7xx_HAL_Driver/Src/stm32h7xx_hal_gpio.c.obj
 .debug_line    0x0000503f      0xe04 cmake/stm32cubemx/CMakeFiles/STM32_Drivers.dir/__/__/Drivers/STM32H7xx_HAL_Driver/Src/stm32h7xx_hal_pwr_ex.c.obj
 .debug_line    0x00005e43      0xc83 cmake/stm32cubemx/CMakeFiles/STM32_Drivers.dir/__/__/Drivers/STM32H7xx_HAL_Driver/Src/stm32h7xx_hal.c.obj

.debug_str      0x00000000   0x14e674
 .debug_str     0x00000000   0x14e674 CMakeFiles/dcmi.dir/Core/Src/main.c.obj
                             0x14c693 (size before relaxing)
 .debug_str     0x0014e674        0x0 CMakeFiles/dcmi.dir/Core/Src/gpio.c.obj
                             0x14c529 (size before relaxing)
 .debug_str     0x0014e674        0x0 CMakeFiles/dcmi.dir/Core/Src/stm32h7xx_it.c.obj
                             0x14c2b4 (size before relaxing)
 .debug_str     0x0014e674        0x0 CMakeFiles/dcmi.dir/Core/Src/stm32h7xx_hal_msp.c.obj
                             0x14c455 (size before relaxing)
 .debug_str     0x0014e674        0x0 CMakeFiles/dcmi.dir/startup_stm32h743xx.s.obj
                                 0x84 (size before relaxing)
 .debug_str     0x0014e674        0x0 cmake/stm32cubemx/CMakeFiles/STM32_Drivers.dir/__/__/Core/Src/system_stm32h7xx.c.obj
                             0x14c7b8 (size before relaxing)
 .debug_str     0x0014e674        0x0 cmake/stm32cubemx/CMakeFiles/STM32_Drivers.dir/__/__/Drivers/STM32H7xx_HAL_Driver/Src/stm32h7xx_hal_cortex.c.obj
                             0x14d0ca (size before relaxing)
 .debug_str     0x0014e674        0x0 cmake/stm32cubemx/CMakeFiles/STM32_Drivers.dir/__/__/Drivers/STM32H7xx_HAL_Driver/Src/stm32h7xx_hal_rcc.c.obj
                             0x14cb0d (size before relaxing)
 .debug_str     0x0014e674        0x0 cmake/stm32cubemx/CMakeFiles/STM32_Drivers.dir/__/__/Drivers/STM32H7xx_HAL_Driver/Src/stm32h7xx_hal_gpio.c.obj
                             0x14c729 (size before relaxing)
 .debug_str     0x0014e674        0x0 cmake/stm32cubemx/CMakeFiles/STM32_Drivers.dir/__/__/Drivers/STM32H7xx_HAL_Driver/Src/stm32h7xx_hal_pwr_ex.c.obj
                             0x14cbf1 (size before relaxing)
 .debug_str     0x0014e674        0x0 cmake/stm32cubemx/CMakeFiles/STM32_Drivers.dir/__/__/Drivers/STM32H7xx_HAL_Driver/Src/stm32h7xx_hal.c.obj
                             0x14d688 (size before relaxing)

.debug_frame    0x00000000     0x1734
 .debug_frame   0x00000000       0x8c CMakeFiles/dcmi.dir/Core/Src/main.c.obj
 .debug_frame   0x0000008c       0x5c CMakeFiles/dcmi.dir/Core/Src/gpio.c.obj
 .debug_frame   0x000000e8      0x104 CMakeFiles/dcmi.dir/Core/Src/stm32h7xx_it.c.obj
 .debug_frame   0x000001ec       0x38 CMakeFiles/dcmi.dir/Core/Src/stm32h7xx_hal_msp.c.obj
 .debug_frame   0x00000224       0x68 cmake/stm32cubemx/CMakeFiles/STM32_Drivers.dir/__/__/Core/Src/system_stm32h7xx.c.obj
 .debug_frame   0x0000028c      0x508 cmake/stm32cubemx/CMakeFiles/STM32_Drivers.dir/__/__/Drivers/STM32H7xx_HAL_Driver/Src/stm32h7xx_hal_cortex.c.obj
 .debug_frame   0x00000794      0x1f8 cmake/stm32cubemx/CMakeFiles/STM32_Drivers.dir/__/__/Drivers/STM32H7xx_HAL_Driver/Src/stm32h7xx_hal_rcc.c.obj
 .debug_frame   0x0000098c      0x14c cmake/stm32cubemx/CMakeFiles/STM32_Drivers.dir/__/__/Drivers/STM32H7xx_HAL_Driver/Src/stm32h7xx_hal_gpio.c.obj
 .debug_frame   0x00000ad8      0x580 cmake/stm32cubemx/CMakeFiles/STM32_Drivers.dir/__/__/Drivers/STM32H7xx_HAL_Driver/Src/stm32h7xx_hal_pwr_ex.c.obj
 .debug_frame   0x00001058      0x690 cmake/stm32cubemx/CMakeFiles/STM32_Drivers.dir/__/__/Drivers/STM32H7xx_HAL_Driver/Src/stm32h7xx_hal.c.obj
 .debug_frame   0x000016e8       0x20 D:/arm-gnu-toolchain-15.3.rel1-mingw-w64-x86_64-arm-none-eabi/bin/../lib/gcc/arm-none-eabi/15.3.1/../../../../arm-none-eabi/lib/thumb/v7e-m+dp/hard\libg_nano.a(libc_a-memset.o)
 .debug_frame   0x00001708       0x2c D:/arm-gnu-toolchain-15.3.rel1-mingw-w64-x86_64-arm-none-eabi/bin/../lib/gcc/arm-none-eabi/15.3.1/../../../../arm-none-eabi/lib/thumb/v7e-m+dp/hard\libg_nano.a(libc_a-init.o)

.debug_line_str
                0x00000000       0x68
 .debug_line_str
                0x00000000       0x68 CMakeFiles/dcmi.dir/startup_stm32h743xx.s.obj
